add            ok (0 mismatches)
sub            ok (0 mismatches)
mul            ok (0 mismatches)
mul same-bank  ok (0 mismatches)
mul bcast      ok (0 mismatches)
max            ok (0 mismatches)
max same-bank  ok (0 mismatches)
max bcast      ok (0 mismatches)
sub bcast sb   ok (0 mismatches)
expsub         ok (0 mismatches)
expsub bcast   ok (0 mismatches)
expsub sb      ok (0 mismatches)
expsum bcast   ok (0 mismatches)
expsum sums    ok (0 mismatches)
expsum sb      ok (0 mismatches)
expsum sb sums ok (0 mismatches)
adds           ok (0 mismatches)
muls           ok (0 mismatches)
exp            ok (0 mismatches)
rcp            ok (0 mismatches)
rsqrt          ok (0 mismatches)
rmax           ok (0 mismatches)
ramax          ok (0 mismatches)
rsum           ok (0 mismatches)
rsum rlen1     ok (0 mismatches)
chain          ok (0 mismatches)
war mvin       ok (0 mismatches)
dual X,Y       ok (0 mismatches)
dual Z=X*B     ok (0 mismatches)
vpu_ops PASSED
Gemmini extension configured with:
    dim = 16
